../Core/Src/main.c:129:5:main	8	static
../Core/Src/main.c:205:6:SystemClock_Config	88	static
../Core/Src/main.c:247:6:HAL_GPIO_EXTI_Callback	16	static
../Core/Src/main.c:294:6:HAL_TIM_PeriodElapsedCallback	16	static
../Core/Src/main.c:354:10:Compute_deadband	4	static
../Core/Src/main.c:368:6:Compute_v1	8	static
../Core/Src/main.c:378:6:calc_K	4	static
../Core/Src/main.c:384:6:config_timer	8	static
../Core/Src/main.c:393:10:compute_tau	4	static
../Core/Src/main.c:408:7:get_velocity	16	static
../Core/Src/main.c:418:7:get_angle	4	static
../Core/Src/main.c:424:9:getDir	8	static
../Core/Src/main.c:429:6:setDir	16	static
../Core/Src/main.c:436:6:setDuty	16	static
../Core/Src/main.c:442:6:turnLED	16	static
../Core/Src/main.c:450:6:setTs	24	static
../Core/Src/main.c:456:6:Vout2PWM	24	static
../Core/Src/main.c:490:6:control_velocity	16	static
../Core/Src/main.c:500:6:control_position	4	static
../Core/Src/main.c:519:6:Error_Handler	4	static,ignoring_inline_asm
